
Discarded input sections

 .data          0x00000000        0x0 src/phoenix.o
 .data          0x00000000        0x0 src/sync.o
 .bss           0x00000000        0x0 src/sync.o
 .data          0x00000000        0x0 src/startup.o
 .bss           0x00000000        0x0 src/startup.o
 .data          0x00000000        0x0 src/main.o
 .data          0x00000000        0x0 src/context_switch.o
 .bss           0x00000000        0x0 src/context_switch.o

Memory Configuration

Name             Origin             Length             Attributes
FLASH            0x00000000         0x00400000         xr
RAM              0x20000000         0x00400000         xrw
*default*        0x00000000         0xffffffff

Linker script and memory map

LOAD src/phoenix.o
LOAD src/sync.o
LOAD src/startup.o
LOAD src/main.o
LOAD src/context_switch.o
                0x20400000                        _estack = (ORIGIN (RAM) + LENGTH (RAM))

.text           0x00000000      0xddc
 *(.vectors)
 .vectors       0x00000000       0x40 src/startup.o
                0x00000000                vectors
 *(.text*)
 .text          0x00000040      0x408 src/phoenix.o
                0x00000044                phoenix_enter_critical
                0x0000004c                phoenix_exit_critical
                0x00000054                phoenix_ready_add
                0x0000008c                phoenix_ready_remove
                0x000000dc                phoenix_init
                0x00000174                phoenix_task_create
                0x0000023c                phoenix_start
                0x00000290                phoenix_yield
                0x00000294                phoenix_delay
                0x00000308                phoenix_schedule
                0x000003b8                phoenix_sched_tick
                0x00000444                SysTick_Handler
 .text          0x00000448      0x19c src/sync.o
                0x00000448                phoenix_sem_init
                0x00000454                phoenix_sem_wait
                0x000004a0                phoenix_sem_post
                0x00000508                phoenix_mutex_init
                0x00000518                phoenix_mutex_lock
                0x00000574                phoenix_mutex_unlock
 .text          0x000005e4       0x64 src/startup.o
                0x000005e4                Default_Handler
                0x000005e8                Reset_Handler
 .text          0x00000648      0x13c src/main.o
 .text.startup  0x00000784      0x110 src/main.o
                0x00000784                main
 .text          0x00000894       0x5c src/context_switch.o
                0x00000894                phoenix_pendsv_trigger
                0x000008a6                PendSV_Handler
                0x000008d4                SVC_Handler
 *(.rodata*)
 .rodata.str1.4
                0x000008f0      0x4a1 src/phoenix.o
                                  0x5 (size before relaxing)
 .rodata.str1.4
                0x00000d91        0x0 src/main.o
                                0x4a1 (size before relaxing)
 *fill*         0x00000d91        0x3 
 .rodata        0x00000d94       0x48 src/main.o
                0x00000ddc                        _sidata = LOADADDR (.data)

.glue_7         0x00000ddc        0x0
 .glue_7        0x00000ddc        0x0 linker stubs

.glue_7t        0x00000ddc        0x0
 .glue_7t       0x00000ddc        0x0 linker stubs

.vfp11_veneer   0x00000ddc        0x0
 .vfp11_veneer  0x00000ddc        0x0 linker stubs

.v4_bx          0x00000ddc        0x0
 .v4_bx         0x00000ddc        0x0 linker stubs

.iplt           0x00000ddc        0x0
 .iplt          0x00000ddc        0x0 src/phoenix.o

.rel.dyn        0x00000ddc        0x0
 .rel.iplt      0x00000ddc        0x0 src/phoenix.o

.data           0x20000000        0x0 load address 0x00000ddc
                0x20000000                        _sdata = .
 *(.data*)
                0x20000000                        _edata = .

.igot.plt       0x20000000        0x0 load address 0x00000ddc
 .igot.plt      0x20000000        0x0 src/phoenix.o

.bss            0x20000000     0x18c0 load address 0x00000ddc
                0x20000000                        _sbss = .
 *(.bss*)
 .bss           0x20000000      0x4a4 src/phoenix.o
                0x20000048                phoenix_current
 .bss           0x200004a4     0x141c src/main.o
 *(COMMON)
                0x200018c0                        _ebss = .
OUTPUT(phoenix.elf elf32-littlearm)
LOAD linker stubs

.debug_info     0x00000000     0x1a4c
 .debug_info    0x00000000      0xaa4 src/phoenix.o
 .debug_info    0x00000aa4      0x502 src/sync.o
 .debug_info    0x00000fa6      0x161 src/startup.o
 .debug_info    0x00001107      0x8fe src/main.o
 .debug_info    0x00001a05       0x47 src/context_switch.o

.debug_abbrev   0x00000000      0x8a7
 .debug_abbrev  0x00000000      0x34a src/phoenix.o
 .debug_abbrev  0x0000034a      0x1a9 src/sync.o
 .debug_abbrev  0x000004f3      0x104 src/startup.o
 .debug_abbrev  0x000005f7      0x288 src/main.o
 .debug_abbrev  0x0000087f       0x28 src/context_switch.o

.debug_loclists
                0x00000000      0x991
 .debug_loclists
                0x00000000      0x6d1 src/phoenix.o
 .debug_loclists
                0x000006d1      0x1b3 src/sync.o
 .debug_loclists
                0x00000884       0x3c src/startup.o
 .debug_loclists
                0x000008c0       0xd1 src/main.o

.debug_aranges  0x00000000       0xa8
 .debug_aranges
                0x00000000       0x20 src/phoenix.o
 .debug_aranges
                0x00000020       0x20 src/sync.o
 .debug_aranges
                0x00000040       0x20 src/startup.o
 .debug_aranges
                0x00000060       0x28 src/main.o
 .debug_aranges
                0x00000088       0x20 src/context_switch.o

.debug_rnglists
                0x00000000      0x223
 .debug_rnglists
                0x00000000      0x1e4 src/phoenix.o
 .debug_rnglists
                0x000001e4       0x3f src/main.o

.debug_line     0x00000000     0x11e0
 .debug_line    0x00000000      0xaa0 src/phoenix.o
 .debug_line    0x00000aa0      0x339 src/sync.o
 .debug_line    0x00000dd9      0x10a src/startup.o
 .debug_line    0x00000ee3      0x294 src/main.o
 .debug_line    0x00001177       0x69 src/context_switch.o

.debug_str      0x00000000      0x5a2
 .debug_str     0x00000000      0x5a2 src/phoenix.o
                                0x3c8 (size before relaxing)
 .debug_str     0x000005a2        0x0 src/sync.o
                                0x325 (size before relaxing)
 .debug_str     0x000005a2        0x0 src/startup.o
                                0x1ac (size before relaxing)
 .debug_str     0x000005a2        0x0 src/main.o
                                0x372 (size before relaxing)
 .debug_str     0x000005a2        0x0 src/context_switch.o
                                 0x6e (size before relaxing)

.comment        0x00000000       0x23
 .comment       0x00000000       0x23 src/phoenix.o
                                 0x24 (size before relaxing)
 .comment       0x00000023        0x0 src/sync.o
                                 0x24 (size before relaxing)
 .comment       0x00000023        0x0 src/startup.o
                                 0x24 (size before relaxing)
 .comment       0x00000023        0x0 src/main.o
                                 0x24 (size before relaxing)

.ARM.attributes
                0x00000000       0x2b
 .ARM.attributes
                0x00000000       0x2d src/phoenix.o
 .ARM.attributes
                0x0000002d       0x2d src/sync.o
 .ARM.attributes
                0x0000005a       0x2d src/startup.o
 .ARM.attributes
                0x00000087       0x2d src/main.o
 .ARM.attributes
                0x000000b4       0x21 src/context_switch.o

.debug_frame    0x00000000      0x2e0
 .debug_frame   0x00000000      0x13c src/phoenix.o
 .debug_frame   0x0000013c       0xbc src/sync.o
 .debug_frame   0x000001f8       0x38 src/startup.o
 .debug_frame   0x00000230       0xb0 src/main.o

.debug_line_str
                0x00000000       0x30
 .debug_line_str
                0x00000000       0x30 src/context_switch.o
